<?php return array (
  0 => 'Symfony\\Bundle\\FrameworkBundle\\Controller\\AbstractController',
  1 => 'App\\Controller\\ArticleController',
  2 => 'App\\Controller\\ContactController',
  3 => 'App\\Controller\\ContactMessageController',
  4 => 'App\\Controller\\RegistrationController',
  5 => 'App\\Controller\\ResetPasswordController',
  6 => 'App\\Controller\\SearchController',
  7 => 'App\\Controller\\SecurityController',
  8 => 'App\\Controller\\TagController',
  9 => 'App\\Controller\\TypeController',
  10 => 'App\\Controller\\UserController',
  11 => 'App\\Controller\\VideoController',
  12 => 'App\\Controller\\WowFrontController',
  13 => 'App\\Entity\\Article',
  14 => 'App\\Entity\\ContactMessage',
  15 => 'App\\Entity\\ResetPasswordRequest',
  16 => 'App\\Entity\\Tag',
  17 => 'App\\Entity\\Type',
  18 => 'App\\Entity\\User',
  19 => 'App\\Entity\\Video',
  20 => 'Doctrine\\Bundle\\DoctrineBundle\\Controller\\ProfilerController',
  21 => 'Doctrine\\ORM\\Cache\\Persister\\Entity\\AbstractEntityPersister',
  22 => 'Doctrine\\ORM\\Cache\\Persister\\Entity\\CachedEntityPersister',
  23 => 'Doctrine\\ORM\\Cache\\Persister\\Entity\\NonStrictReadWriteCachedEntityPersister',
  24 => 'Doctrine\\ORM\\Cache\\Persister\\Entity\\ReadOnlyCachedEntityPersister',
  25 => 'Doctrine\\ORM\\Cache\\Persister\\Entity\\ReadWriteCachedEntityPersister',
  26 => 'Doctrine\\ORM\\Persisters\\Entity\\AbstractEntityInheritancePersister',
  27 => 'Doctrine\\ORM\\Persisters\\Entity\\BasicEntityPersister',
  28 => 'Doctrine\\ORM\\Persisters\\Entity\\CachedPersisterContext',
  29 => 'Doctrine\\ORM\\Persisters\\Entity\\EntityPersister',
  30 => 'Doctrine\\ORM\\Persisters\\Entity\\JoinedSubclassPersister',
  31 => 'Doctrine\\ORM\\Persisters\\Entity\\SingleTablePersister',
  32 => 'Liip\\ImagineBundle\\Config\\Controller\\ControllerConfig',
  33 => 'Liip\\ImagineBundle\\Controller\\ImagineController',
  34 => 'SymfonyCasts\\Bundle\\ResetPassword\\Controller\\ResetPasswordControllerTrait',
  36 => 'Symfony\\Bundle\\FrameworkBundle\\Controller\\ControllerResolver',
  37 => 'Symfony\\Bundle\\FrameworkBundle\\Controller\\RedirectController',
  38 => 'Symfony\\Bundle\\FrameworkBundle\\Controller\\TemplateController',
  39 => 'Symfony\\Bundle\\WebProfilerBundle\\Controller\\ExceptionPanelController',
  40 => 'Symfony\\Bundle\\WebProfilerBundle\\Controller\\ProfilerController',
  41 => 'Symfony\\Bundle\\WebProfilerBundle\\Controller\\RouterController',
  42 => 'Symfony\\Component\\HttpKernel\\Controller\\ArgumentResolver',
  43 => 'Symfony\\Component\\HttpKernel\\Controller\\ArgumentResolverInterface',
  44 => 'Symfony\\Component\\HttpKernel\\Controller\\ArgumentResolver\\DefaultValueResolver',
  45 => 'Symfony\\Component\\HttpKernel\\Controller\\ArgumentResolver\\NotTaggedControllerValueResolver',
  46 => 'Symfony\\Component\\HttpKernel\\Controller\\ArgumentResolver\\RequestAttributeValueResolver',
  47 => 'Symfony\\Component\\HttpKernel\\Controller\\ArgumentResolver\\RequestValueResolver',
  48 => 'Symfony\\Component\\HttpKernel\\Controller\\ArgumentResolver\\ServiceValueResolver',
  49 => 'Symfony\\Component\\HttpKernel\\Controller\\ArgumentResolver\\SessionValueResolver',
  50 => 'Symfony\\Component\\HttpKernel\\Controller\\ArgumentResolver\\TraceableValueResolver',
  51 => 'Symfony\\Component\\HttpKernel\\Controller\\ArgumentResolver\\VariadicValueResolver',
  52 => 'Symfony\\Component\\HttpKernel\\Controller\\ArgumentValueResolverInterface',
  53 => 'Symfony\\Component\\HttpKernel\\Controller\\ContainerControllerResolver',
  54 => 'Symfony\\Component\\HttpKernel\\Controller\\ControllerReference',
  55 => 'Symfony\\Component\\HttpKernel\\Controller\\ControllerResolver',
  56 => 'Symfony\\Component\\HttpKernel\\Controller\\ControllerResolverInterface',
  57 => 'Symfony\\Component\\HttpKernel\\Controller\\ErrorController',
  58 => 'Symfony\\Component\\HttpKernel\\Controller\\TraceableArgumentResolver',
  59 => 'Symfony\\Component\\HttpKernel\\Controller\\TraceableControllerResolver',
  60 => 'Symfony\\Component\\Security\\Http\\Controller\\UserValueResolver',
);